Example Domain
This domain is for use in documentation examples without needing permission. Avoid use in operations.
Learn more